This is pdfTeX, Version 3.141592653-2.6-1.40.25 (TeX Live 2023/Debian) (preloaded format=pdflatex 2024.9.19)  24 JUL 2026 17:21
entering extended mode
 \write18 enabled.
 %&-line parsing enabled.
**new.js
(./new.js
LaTeX2e <2023-11-01> patch level 1
L3 programming layer <2024-01-22>

! LaTeX Error: Missing \begin{document}.

See the LaTeX manual or LaTeX Companion for explanation.
Type  H <return>  for immediate help.
 ...                                              
                                                  
l.1 c
     onst figlet = require("figlet"); 
Here is how much of TeX's memory you used:
 18 strings out of 474222
 508 string characters out of 5748733
 1922975 words of memory out of 5000000
 22370 multiletter control sequences out of 15000+600000
 558069 words of font info for 36 fonts, out of 8000000 for 9000
 1141 hyphenation exceptions out of 8191
 15i,0n,18p,75b,14s stack positions out of 10000i,1000n,20000p,200000b,200000s

!  ==> Fatal error occurred, no output PDF file produced!
